2026-09-16 04:16:05.329: [INFO] CurrentProfilePath: C:\Users\ANJALI\eclipse-workspace\EmployeeManagement\.metadata\.plugins\org.eclipse.swt\EBWebView\Default
2026-09-16 04:16:05.329: [INFO] Profiles total count: 1
2026-09-16 04:16:05.329: [INFO] Profile: name=Profile 1 path=C:\Users\ANJALI\eclipse-workspace\EmployeeManagement\.metadata\.plugins\org.eclipse.swt\EBWebView\Default lastActive=null
2026-09-16 04:16:05.329: [INFO] LastUsedProfileDir: C:\Users\ANJALI\eclipse-workspace\EmployeeManagement\.metadata\.plugins\org.eclipse.swt\EBWebView\Default
2026-09-16 04:16:05.329: [INFO] OnDoneLoading sync enabled: 0
2026-09-16 04:16:05.329: [INFO] BookmarkModelLoaded, ids_reassigned: 0
2026-09-16 04:16:05.329: [INFO] BookmarksLoadDropped droppedNodes=0
2026-09-16 04:16:05.329: [INFO] BookmarksSnapshot Startup total=0 bar=0 other=0 mobile=0 showBar=0 showBarNTP=1
2026-09-16 04:16:17.181: [INFO] BookmarksSnapshot Shutdown total=0 bar=0 other=0 mobile=0 showBar=0 showBarNTP=1
2026-09-16 04:16:18.015: [INFO] CurrentProfilePath: C:\Users\ANJALI\eclipse-workspace\EmployeeManagement\.metadata\.plugins\org.eclipse.swt\EBWebView\Default
2026-09-16 04:16:18.015: [INFO] Profiles total count: 1
2026-09-16 04:16:18.015: [INFO] Profile: name=Profile 1 path=C:\Users\ANJALI\eclipse-workspace\EmployeeManagement\.metadata\.plugins\org.eclipse.swt\EBWebView\Default lastActive=2026-09-16T04:16:05.894Z
2026-09-16 04:16:18.015: [INFO] LastUsedProfileDir: C:\Users\ANJALI\eclipse-workspace\EmployeeManagement\.metadata\.plugins\org.eclipse.swt\EBWebView\Default
2026-09-16 04:16:18.015: [INFO] MostRecentlyActiveProfile: name=Profile 1 path=C:\Users\ANJALI\eclipse-workspace\EmployeeManagement\.metadata\.plugins\org.eclipse.swt\EBWebView\Default lastActive=2026-09-16T04:16:05.894Z
2026-09-16 04:16:18.015: [INFO] OnDoneLoading sync enabled: 0
2026-09-16 04:16:18.015: [INFO] BookmarkModelLoaded, ids_reassigned: 0
2026-09-16 04:16:18.015: [INFO] BookmarksLoadDropped droppedNodes=0
2026-09-16 04:16:18.015: [INFO] BookmarksSnapshot Startup total=0 bar=0 other=0 mobile=0 showBar=0 showBarNTP=1
2026-09-16 04:16:56.984: [INFO] BookmarksSnapshot Shutdown total=0 bar=0 other=0 mobile=0 showBar=0 showBarNTP=1
2026-09-16 04:17:38.820: [INFO] CurrentProfilePath: C:\Users\ANJALI\eclipse-workspace\EmployeeManagement\.metadata\.plugins\org.eclipse.swt\EBWebView\Default
2026-09-16 04:17:38.820: [INFO] Profiles total count: 1
2026-09-16 04:17:38.820: [INFO] Profile: name=Profile 1 path=C:\Users\ANJALI\eclipse-workspace\EmployeeManagement\.metadata\.plugins\org.eclipse.swt\EBWebView\Default lastActive=2026-09-16T04:16:05.894Z
2026-09-16 04:17:38.820: [INFO] LastUsedProfileDir: C:\Users\ANJALI\eclipse-workspace\EmployeeManagement\.metadata\.plugins\org.eclipse.swt\EBWebView\Default
2026-09-16 04:17:38.820: [INFO] MostRecentlyActiveProfile: name=Profile 1 path=C:\Users\ANJALI\eclipse-workspace\EmployeeManagement\.metadata\.plugins\org.eclipse.swt\EBWebView\Default lastActive=2026-09-16T04:16:05.894Z
2026-09-16 04:17:38.820: [INFO] OnDoneLoading sync enabled: 0
2026-09-16 04:17:38.820: [INFO] BookmarkModelLoaded, ids_reassigned: 0
2026-09-16 04:17:38.820: [INFO] BookmarksLoadDropped droppedNodes=0
2026-09-16 04:17:38.820: [INFO] BookmarksSnapshot Startup total=0 bar=0 other=0 mobile=0 showBar=0 showBarNTP=1
2026-09-16 04:18:21.758: [INFO] BookmarksSnapshot Shutdown total=0 bar=0 other=0 mobile=0 showBar=0 showBarNTP=1
2026-09-16 04:19:41.749: [INFO] CurrentProfilePath: C:\Users\ANJALI\eclipse-workspace\EmployeeManagement\.metadata\.plugins\org.eclipse.swt\EBWebView\Default
2026-09-16 04:19:41.749: [INFO] Profiles total count: 1
2026-09-16 04:19:41.749: [INFO] Profile: name=Profile 1 path=C:\Users\ANJALI\eclipse-workspace\EmployeeManagement\.metadata\.plugins\org.eclipse.swt\EBWebView\Default lastActive=2026-09-16T04:18:21.399Z
2026-09-16 04:19:41.749: [INFO] LastUsedProfileDir: C:\Users\ANJALI\eclipse-workspace\EmployeeManagement\.metadata\.plugins\org.eclipse.swt\EBWebView\Default
2026-09-16 04:19:41.749: [INFO] MostRecentlyActiveProfile: name=Profile 1 path=C:\Users\ANJALI\eclipse-workspace\EmployeeManagement\.metadata\.plugins\org.eclipse.swt\EBWebView\Default lastActive=2026-09-16T04:18:21.399Z
2026-09-16 04:19:41.749: [INFO] OnDoneLoading sync enabled: 0
2026-09-16 04:19:41.749: [INFO] BookmarkModelLoaded, ids_reassigned: 0
2026-09-16 04:19:41.749: [INFO] BookmarksLoadDropped droppedNodes=0
2026-09-16 04:19:41.749: [INFO] BookmarksSnapshot Startup total=0 bar=0 other=0 mobile=0 showBar=0 showBarNTP=1
2026-09-16 04:40:38.890: [INFO] BookmarksSnapshot Shutdown total=0 bar=0 other=0 mobile=0 showBar=0 showBarNTP=1
